/usr/local/bin/python3.7 /Users/dsannikov/Documents/GitHub/ParsingPages/Calorie-tables/main.py
Всего итераций: 0
<a href="/base_of_food/sostav/17596.php"
                                       title="Химический состав продукта: Говядина отборная, лопаточная мякоть, мясо с жиром убранным до уровня 0",тушеная">Говядина отборная, лопаточная мякоть, мясо с жиром убранным до уровня 0",тушеная

<a href="/base_of_food/sostav/20634.php"
                                       title="Химический состав продукта: Говядина отборная, мякоть шейной части, стейк, мясо с жиром убранным до уровня 0",тушеная">Говядина отборная, мякоть шейной части, стейк, мясо с жиром убранным до уровня 0",тушеная

<a href="/base_of_food/sostav/17597.php"
                                       title="Химический состав продукта: Говядина сортовая, лопаточная мякоть, мясо с жиром убранным до уровня 0",тушеная">Говядина сортовая, лопаточная мякоть, мясо с жиром убранным до уровня 0",тушеная

<a href="/base_of_food/sostav/17593.php"
                                       title="Химический состав продукта: Говядина сортовая, плечевая мякоть, мясо с жиром убранным до уровня 0" ,тушеная">Говядина сортовая, плечевая мякоть, мясо с жиром убранным до уровня 0" ,тушеная

<a href="/base_of_food/sostav/17590.php"
                                       title="Химический состав продукта: Говядина, верхняя часть грудинки, мясо с жиром убранным до уровня 0" ,тушеная">Говядина, верхняя часть грудинки, мясо с жиром убранным до уровня 0" ,тушеная

<a href="/base_of_food/sostav/17586.php"
                                       title="Химический состав продукта: Говядина, грудинка целая, мясо с жиром убранным до уровня 0" ,тушеная">Говядина, грудинка целая, мясо с жиром убранным до уровня 0" ,тушеная

<a href="/base_of_food/sostav/17592.php"
                                       title="Химический состав продукта: Говядина, плечевая мякоть, мясо с жиром убранным до уровня 0" ,тушеная">Говядина, плечевая мякоть, мясо с жиром убранным до уровня 0" ,тушеная

<a href="/base_of_food/sostav/17588.php"
                                       title="Химический состав продукта: Говядина, плоская часть грудинки,  мясо с жиром убранным до уровня 0" ,тушеная">Говядина, плоская часть грудинки,  мясо с жиром убранным до уровня 0" ,тушеная

# Итерация 1. Говядина_и_телятина записан...
Осталось итераций: -1

Process finished with exit code 0
